Flow report for Prime_Finder
Tue Dec 09 22:00:14 2025
Quartus Prime Version 18.1.0 Build 625 09/12/2018 SJ Lite Edition


---------------------
; Table of Contents ;
---------------------
  1. Legal Notice
  2. Flow Summary
  3. Flow Settings
  4. Flow Non-Default Global Settings
  5. Flow Elapsed Time
  6. Flow OS Summary
  7. Flow Log
  8. Flow Messages
  9. Flow Suppressed Messages



----------------
; Legal Notice ;
----------------
Copyright (C) 2018  Intel Corporation. All rights reserved.
Your use of Intel Corporation's design tools, logic functions 
and other software and tools, and its AMPP partner logic 
functions, and any output files from any of the foregoing 
(including device programming or simulation files), and any 
associated documentation or information are expressly subject 
to the terms and conditions of the Intel Program License 
Subscription Agreement, the Intel Quartus Prime License Agreement,
the Intel FPGA IP License Agreement, or other applicable license
agreement, including, without limitation, that your use is for
the sole purpose of programming logic devices manufactured by
Intel and sold by Intel or its authorized distributors.  Please
refer to the applicable agreement for further details.



+----------------------------------------------------------------------------------+
; Flow Summary                                                                     ;
+------------------------------------+---------------------------------------------+
; Flow Status                        ; Successful - Tue Dec 09 22:00:14 2025       ;
; Quartus Prime Version              ; 18.1.0 Build 625 09/12/2018 SJ Lite Edition ;
; Revision Name                      ; Prime_Finder                                ;
; Top-level Entity Name              ; Prime_Finder_Top_Group55                    ;
; Family                             ; MAX 10                                      ;
; Device                             ; 10M50DAF484C7G                              ;
; Timing Models                      ; Final                                       ;
; Total logic elements               ; N/A until Partition Merge                   ;
;     Total combinational functions  ; N/A until Partition Merge                   ;
;     Dedicated logic registers      ; N/A until Partition Merge                   ;
; Total registers                    ; N/A until Partition Merge                   ;
; Total pins                         ; N/A until Partition Merge                   ;
; Total virtual pins                 ; N/A until Partition Merge                   ;
; Total memory bits                  ; N/A until Partition Merge                   ;
; Embedded Multiplier 9-bit elements ; N/A until Partition Merge                   ;
; Total PLLs                         ; N/A until Partition Merge                   ;
; UFM blocks                         ; N/A until Partition Merge                   ;
; ADC blocks                         ; N/A until Partition Merge                   ;
+------------------------------------+---------------------------------------------+


+-----------------------------------------+
; Flow Settings                           ;
+-------------------+---------------------+
; Option            ; Setting             ;
+-------------------+---------------------+
; Start date & time ; 12/09/2025 22:00:06 ;
; Main task         ; Compilation         ;
; Revision Name     ; Prime_Finder        ;
+-------------------+---------------------+


+-------------------------------------------------------------------------------------------------------------------------------------------------+
; Flow Non-Default Global Settings                                                                                                                ;
+--------------------------------------+----------------------------------------+---------------+--------------------------+----------------------+
; Assignment Name                      ; Value                                  ; Default Value ; Entity Name              ; Section Id           ;
+--------------------------------------+----------------------------------------+---------------+--------------------------+----------------------+
; COMPILER_SIGNATURE_ID                ; 71205099890127.176528880602932         ; --            ; --                       ; --                   ;
; EDA_DESIGN_INSTANCE_NAME             ; NA                                     ; --            ; --                       ; And_2bit_tb          ;
; EDA_DESIGN_INSTANCE_NAME             ; NA                                     ; --            ; --                       ; Full_adder_tb        ;
; EDA_DESIGN_INSTANCE_NAME             ; NA                                     ; --            ; --                       ; Multiplier_4bit_tb   ;
; EDA_DESIGN_INSTANCE_NAME             ; NA                                     ; --            ; --                       ; Prime_Finder_tb      ;
; EDA_DESIGN_INSTANCE_NAME             ; NA                                     ; --            ; --                       ; RipSub_4bit_tb       ;
; EDA_DESIGN_INSTANCE_NAME             ; NA                                     ; --            ; --                       ; LongDivision_4bit_tb ;
; EDA_NATIVELINK_SIMULATION_TEST_BENCH ; Multiplier_4bit_tb                     ; --            ; --                       ; eda_simulation       ;
; EDA_OUTPUT_DATA_FORMAT               ; Vhdl                                   ; --            ; --                       ; eda_simulation       ;
; EDA_SIMULATION_TOOL                  ; ModelSim-Altera (VHDL)                 ; <None>        ; --                       ; --                   ;
; EDA_TEST_BENCH_ENABLE_STATUS         ; TEST_BENCH_MODE                        ; --            ; --                       ; eda_simulation       ;
; EDA_TEST_BENCH_FILE                  ; And_2bit_tb_Group55.vhd                ; --            ; --                       ; And_2bit_tb          ;
; EDA_TEST_BENCH_FILE                  ; Full_adder_tb_Group55.vhd              ; --            ; --                       ; Full_adder_tb        ;
; EDA_TEST_BENCH_FILE                  ; Multiplier_4bit_tb_Group55.vhd         ; --            ; --                       ; Multiplier_4bit_tb   ;
; EDA_TEST_BENCH_FILE                  ; Prime_Finder_tb_Group55.vhd            ; --            ; --                       ; Prime_Finder_tb      ;
; EDA_TEST_BENCH_FILE                  ; RipSub_4bit_tb_Group55.vhd             ; --            ; --                       ; RipSub_4bit_tb       ;
; EDA_TEST_BENCH_FILE                  ; LongDivision_4bit_tb_Group55.vhd       ; --            ; --                       ; LongDivision_4bit_tb ;
; EDA_TEST_BENCH_MODULE_NAME           ; And_2bit_tb                            ; --            ; --                       ; And_2bit_tb          ;
; EDA_TEST_BENCH_MODULE_NAME           ; Full_adder_tb                          ; --            ; --                       ; Full_adder_tb        ;
; EDA_TEST_BENCH_MODULE_NAME           ; Multiplier_4bit_tb                     ; --            ; --                       ; Multiplier_4bit_tb   ;
; EDA_TEST_BENCH_MODULE_NAME           ; Prime_Finder_tb                        ; --            ; --                       ; Prime_Finder_tb      ;
; EDA_TEST_BENCH_MODULE_NAME           ; RipSub_4bit_tb                         ; --            ; --                       ; RipSub_4bit_tb       ;
; EDA_TEST_BENCH_MODULE_NAME           ; LongDivision_4bit_tb                   ; --            ; --                       ; LongDivision_4bit_tb ;
; EDA_TEST_BENCH_NAME                  ; And_2bit_tb                            ; --            ; --                       ; eda_simulation       ;
; EDA_TEST_BENCH_NAME                  ; Full_adder_tb                          ; --            ; --                       ; eda_simulation       ;
; EDA_TEST_BENCH_NAME                  ; LongDivision_4bit_tb                   ; --            ; --                       ; eda_simulation       ;
; EDA_TEST_BENCH_NAME                  ; Multiplier_4bit_tb                     ; --            ; --                       ; eda_simulation       ;
; EDA_TEST_BENCH_NAME                  ; Prime_Finder_tb                        ; --            ; --                       ; eda_simulation       ;
; EDA_TEST_BENCH_NAME                  ; RipSub_4bit_tb                         ; --            ; --                       ; eda_simulation       ;
; EDA_TEST_BENCH_RUN_SIM_FOR           ; 800 ns                                 ; --            ; --                       ; And_2bit_tb          ;
; EDA_TEST_BENCH_RUN_SIM_FOR           ; 800 ns                                 ; --            ; --                       ; Full_adder_tb        ;
; EDA_TEST_BENCH_RUN_SIM_FOR           ; 800 ns                                 ; --            ; --                       ; Multiplier_4bit_tb   ;
; EDA_TEST_BENCH_RUN_SIM_FOR           ; 1200 ns                                ; --            ; --                       ; Prime_Finder_tb      ;
; EDA_TEST_BENCH_RUN_SIM_FOR           ; 800 ns                                 ; --            ; --                       ; RipSub_4bit_tb       ;
; EDA_TEST_BENCH_RUN_SIM_FOR           ; 800 ns                                 ; --            ; --                       ; LongDivision_4bit_tb ;
; EDA_TIME_SCALE                       ; 1 ps                                   ; --            ; --                       ; eda_simulation       ;
; MAX_CORE_JUNCTION_TEMP               ; 85                                     ; --            ; --                       ; --                   ;
; MIN_CORE_JUNCTION_TEMP               ; 0                                      ; --            ; --                       ; --                   ;
; PARTITION_COLOR                      ; -- (Not supported for targeted family) ; --            ; Prime_Finder_Top_Group55 ; Top                  ;
; PARTITION_FITTER_PRESERVATION_LEVEL  ; -- (Not supported for targeted family) ; --            ; Prime_Finder_Top_Group55 ; Top                  ;
; PARTITION_NETLIST_TYPE               ; -- (Not supported for targeted family) ; --            ; Prime_Finder_Top_Group55 ; Top                  ;
; POWER_BOARD_THERMAL_MODEL            ; None (CONSERVATIVE)                    ; --            ; --                       ; --                   ;
; POWER_PRESET_COOLING_SOLUTION        ; 23 MM HEAT SINK WITH 200 LFPM AIRFLOW  ; --            ; --                       ; --                   ;
; PROJECT_OUTPUT_DIRECTORY             ; output_files                           ; --            ; --                       ; --                   ;
; TOP_LEVEL_ENTITY                     ; Prime_Finder_Top_Group55               ; Prime_Finder  ; --                       ; --                   ;
+--------------------------------------+----------------------------------------+---------------+--------------------------+----------------------+


+----------------------------------------------------------------------------------------------------------------------------+
; Flow Elapsed Time                                                                                                          ;
+------------------------+--------------+-------------------------+---------------------+------------------------------------+
; Module Name            ; Elapsed Time ; Average Processors Used ; Peak Virtual Memory ; Total CPU Time (on all processors) ;
+------------------------+--------------+-------------------------+---------------------+------------------------------------+
; Analysis & Elaboration ; 00:00:09     ; 1.0                     ; 4785 MB             ; 00:00:16                           ;
; Total                  ; 00:00:09     ; --                      ; --                  ; 00:00:16                           ;
+------------------------+--------------+-------------------------+---------------------+------------------------------------+


+--------------------------------------------------------------------------------------+
; Flow OS Summary                                                                      ;
+------------------------+------------------+------------+------------+----------------+
; Module Name            ; Machine Hostname ; OS Name    ; OS Version ; Processor type ;
+------------------------+------------------+------------+------------+----------------+
; Analysis & Elaboration ; LAPTOP-9IRBKUQA  ; Windows 10 ; 10.0       ; x86_64         ;
+------------------------+------------------+------------+------------+----------------+


------------
; Flow Log ;
------------
quartus_map --read_settings_files=on --write_settings_files=off Prime_Finder -c Prime_Finder --analysis_and_elaboration



