Flow report for Prime_Finder
Thu Dec 11 00:59:39 2025
Quartus Prime Version 18.1.0 Build 625 09/12/2018 SJ Lite Edition


---------------------
; Table of Contents ;
---------------------
  1. Legal Notice
  2. Flow Summary
  3. Flow Settings
  4. Flow Non-Default Global Settings
  5. Flow Elapsed Time
  6. Flow OS Summary
  7. Flow Log
  8. Flow Messages
  9. Flow Suppressed Messages



----------------
; Legal Notice ;
----------------
Copyright (C) 2018  Intel Corporation. All rights reserved.
Your use of Intel Corporation's design tools, logic functions 
and other software and tools, and its AMPP partner logic 
functions, and any output files from any of the foregoing 
(including device programming or simulation files), and any 
associated documentation or information are expressly subject 
to the terms and conditions of the Intel Program License 
Subscription Agreement, the Intel Quartus Prime License Agreement,
the Intel FPGA IP License Agreement, or other applicable license
agreement, including, without limitation, that your use is for
the sole purpose of programming logic devices manufactured by
Intel and sold by Intel or its authorized distributors.  Please
refer to the applicable agreement for further details.



+----------------------------------------------------------------------------------+
; Flow Summary                                                                     ;
+------------------------------------+---------------------------------------------+
; Flow Status                        ; Successful - Thu Dec 11 00:59:39 2025       ;
; Quartus Prime Version              ; 18.1.0 Build 625 09/12/2018 SJ Lite Edition ;
; Revision Name                      ; Prime_Finder                                ;
; Top-level Entity Name              ; Prime_Finder_Top_Group55                    ;
; Family                             ; MAX 10                                      ;
; Device                             ; 10M50DAF484C7G                              ;
; Timing Models                      ; Final                                       ;
; Total logic elements               ; 61 / 49,760 ( < 1 % )                       ;
;     Total combinational functions  ; 60 / 49,760 ( < 1 % )                       ;
;     Dedicated logic registers      ; 14 / 49,760 ( < 1 % )                       ;
; Total registers                    ; 14                                          ;
; Total pins                         ; 63 / 360 ( 18 % )                           ;
; Total virtual pins                 ; 0                                           ;
; Total memory bits                  ; 0 / 1,677,312 ( 0 % )                       ;
; Embedded Multiplier 9-bit elements ; 0 / 288 ( 0 % )                             ;
; Total PLLs                         ; 0 / 4 ( 0 % )                               ;
; UFM blocks                         ; 0 / 1 ( 0 % )                               ;
; ADC blocks                         ; 0 / 2 ( 0 % )                               ;
+------------------------------------+---------------------------------------------+


+-----------------------------------------+
; Flow Settings                           ;
+-------------------+---------------------+
; Option            ; Setting             ;
+-------------------+---------------------+
; Start date & time ; 12/11/2025 00:59:08 ;
; Main task         ; Compilation         ;
; Revision Name     ; Prime_Finder        ;
+-------------------+---------------------+


+-------------------------------------------------------------------------------------------------------------------------------------------------+
; Flow Non-Default Global Settings                                                                                                                ;
+--------------------------------------+----------------------------------------+---------------+--------------------------+----------------------+
; Assignment Name                      ; Value                                  ; Default Value ; Entity Name              ; Section Id           ;
+--------------------------------------+----------------------------------------+---------------+--------------------------+----------------------+
; COMPILER_SIGNATURE_ID                ; 71205099890127.176538594802916         ; --            ; --                       ; --                   ;
; EDA_DESIGN_INSTANCE_NAME             ; NA                                     ; --            ; --                       ; And_2bit_tb          ;
; EDA_DESIGN_INSTANCE_NAME             ; NA                                     ; --            ; --                       ; Full_adder_tb        ;
; EDA_DESIGN_INSTANCE_NAME             ; NA                                     ; --            ; --                       ; Multiplier_4bit_tb   ;
; EDA_DESIGN_INSTANCE_NAME             ; NA                                     ; --            ; --                       ; Prime_Finder_tb      ;
; EDA_DESIGN_INSTANCE_NAME             ; NA                                     ; --            ; --                       ; RipSub_4bit_tb       ;
; EDA_DESIGN_INSTANCE_NAME             ; NA                                     ; --            ; --                       ; LongDivision_4bit_tb ;
; EDA_NATIVELINK_SIMULATION_TEST_BENCH ; Multiplier_4bit_tb                     ; --            ; --                       ; eda_simulation       ;
; EDA_OUTPUT_DATA_FORMAT               ; Vhdl                                   ; --            ; --                       ; eda_simulation       ;
; EDA_SIMULATION_TOOL                  ; ModelSim-Altera (VHDL)                 ; <None>        ; --                       ; --                   ;
; EDA_TEST_BENCH_ENABLE_STATUS         ; TEST_BENCH_MODE                        ; --            ; --                       ; eda_simulation       ;
; EDA_TEST_BENCH_FILE                  ; And_2bit_tb_Group55.vhd                ; --            ; --                       ; And_2bit_tb          ;
; EDA_TEST_BENCH_FILE                  ; Full_adder_tb_Group55.vhd              ; --            ; --                       ; Full_adder_tb        ;
; EDA_TEST_BENCH_FILE                  ; Multiplier_4bit_tb_Group55.vhd         ; --            ; --                       ; Multiplier_4bit_tb   ;
; EDA_TEST_BENCH_FILE                  ; Prime_Finder_tb_Group55.vhd            ; --            ; --                       ; Prime_Finder_tb      ;
; EDA_TEST_BENCH_FILE                  ; RipSub_4bit_tb_Group55.vhd             ; --            ; --                       ; RipSub_4bit_tb       ;
; EDA_TEST_BENCH_FILE                  ; LongDivision_4bit_tb_Group55.vhd       ; --            ; --                       ; LongDivision_4bit_tb ;
; EDA_TEST_BENCH_MODULE_NAME           ; And_2bit_tb                            ; --            ; --                       ; And_2bit_tb          ;
; EDA_TEST_BENCH_MODULE_NAME           ; Full_adder_tb                          ; --            ; --                       ; Full_adder_tb        ;
; EDA_TEST_BENCH_MODULE_NAME           ; Multiplier_4bit_tb                     ; --            ; --                       ; Multiplier_4bit_tb   ;
; EDA_TEST_BENCH_MODULE_NAME           ; Prime_Finder_tb                        ; --            ; --                       ; Prime_Finder_tb      ;
; EDA_TEST_BENCH_MODULE_NAME           ; RipSub_4bit_tb                         ; --            ; --                       ; RipSub_4bit_tb       ;
; EDA_TEST_BENCH_MODULE_NAME           ; LongDivision_4bit_tb                   ; --            ; --                       ; LongDivision_4bit_tb ;
; EDA_TEST_BENCH_NAME                  ; And_2bit_tb                            ; --            ; --                       ; eda_simulation       ;
; EDA_TEST_BENCH_NAME                  ; Full_adder_tb                          ; --            ; --                       ; eda_simulation       ;
; EDA_TEST_BENCH_NAME                  ; LongDivision_4bit_tb                   ; --            ; --                       ; eda_simulation       ;
; EDA_TEST_BENCH_NAME                  ; Multiplier_4bit_tb                     ; --            ; --                       ; eda_simulation       ;
; EDA_TEST_BENCH_NAME                  ; Prime_Finder_tb                        ; --            ; --                       ; eda_simulation       ;
; EDA_TEST_BENCH_NAME                  ; RipSub_4bit_tb                         ; --            ; --                       ; eda_simulation       ;
; EDA_TEST_BENCH_RUN_SIM_FOR           ; 800 ns                                 ; --            ; --                       ; And_2bit_tb          ;
; EDA_TEST_BENCH_RUN_SIM_FOR           ; 800 ns                                 ; --            ; --                       ; Full_adder_tb        ;
; EDA_TEST_BENCH_RUN_SIM_FOR           ; 800 ns                                 ; --            ; --                       ; Multiplier_4bit_tb   ;
; EDA_TEST_BENCH_RUN_SIM_FOR           ; 1200 ns                                ; --            ; --                       ; Prime_Finder_tb      ;
; EDA_TEST_BENCH_RUN_SIM_FOR           ; 800 ns                                 ; --            ; --                       ; RipSub_4bit_tb       ;
; EDA_TEST_BENCH_RUN_SIM_FOR           ; 800 ns                                 ; --            ; --                       ; LongDivision_4bit_tb ;
; EDA_TIME_SCALE                       ; 1 ps                                   ; --            ; --                       ; eda_simulation       ;
; MAX_CORE_JUNCTION_TEMP               ; 85                                     ; --            ; --                       ; --                   ;
; MIN_CORE_JUNCTION_TEMP               ; 0                                      ; --            ; --                       ; --                   ;
; PARTITION_COLOR                      ; -- (Not supported for targeted family) ; --            ; Prime_Finder_Top_Group55 ; Top                  ;
; PARTITION_FITTER_PRESERVATION_LEVEL  ; -- (Not supported for targeted family) ; --            ; Prime_Finder_Top_Group55 ; Top                  ;
; PARTITION_NETLIST_TYPE               ; -- (Not supported for targeted family) ; --            ; Prime_Finder_Top_Group55 ; Top                  ;
; POWER_BOARD_THERMAL_MODEL            ; None (CONSERVATIVE)                    ; --            ; --                       ; --                   ;
; POWER_PRESET_COOLING_SOLUTION        ; 23 MM HEAT SINK WITH 200 LFPM AIRFLOW  ; --            ; --                       ; --                   ;
; PROJECT_OUTPUT_DIRECTORY             ; output_files                           ; --            ; --                       ; --                   ;
; TOP_LEVEL_ENTITY                     ; Prime_Finder_Top_Group55               ; Prime_Finder  ; --                       ; --                   ;
+--------------------------------------+----------------------------------------+---------------+--------------------------+----------------------+


+--------------------------------------------------------------------------------------------------------------------------+
; Flow Elapsed Time                                                                                                        ;
+----------------------+--------------+-------------------------+---------------------+------------------------------------+
; Module Name          ; Elapsed Time ; Average Processors Used ; Peak Virtual Memory ; Total CPU Time (on all processors) ;
+----------------------+--------------+-------------------------+---------------------+------------------------------------+
; Analysis & Synthesis ; 00:00:10     ; 1.0                     ; 4864 MB             ; 00:00:18                           ;
; Fitter               ; 00:00:09     ; 1.1                     ; 6605 MB             ; 00:00:15                           ;
; Assembler            ; 00:00:03     ; 1.0                     ; 4685 MB             ; 00:00:03                           ;
; Timing Analyzer      ; 00:00:02     ; 1.1                     ; 4951 MB             ; 00:00:02                           ;
; EDA Netlist Writer   ; 00:00:01     ; 1.0                     ; 4647 MB             ; 00:00:01                           ;
; Total                ; 00:00:25     ; --                      ; --                  ; 00:00:39                           ;
+----------------------+--------------+-------------------------+---------------------+------------------------------------+


+------------------------------------------------------------------------------------+
; Flow OS Summary                                                                    ;
+----------------------+------------------+------------+------------+----------------+
; Module Name          ; Machine Hostname ; OS Name    ; OS Version ; Processor type ;
+----------------------+------------------+------------+------------+----------------+
; Analysis & Synthesis ; LAPTOP-9IRBKUQA  ; Windows 10 ; 10.0       ; x86_64         ;
; Fitter               ; LAPTOP-9IRBKUQA  ; Windows 10 ; 10.0       ; x86_64         ;
; Assembler            ; LAPTOP-9IRBKUQA  ; Windows 10 ; 10.0       ; x86_64         ;
; Timing Analyzer      ; LAPTOP-9IRBKUQA  ; Windows 10 ; 10.0       ; x86_64         ;
; EDA Netlist Writer   ; LAPTOP-9IRBKUQA  ; Windows 10 ; 10.0       ; x86_64         ;
+----------------------+------------------+------------+------------+----------------+


------------
; Flow Log ;
------------
quartus_map --read_settings_files=on --write_settings_files=off Prime_Finder -c Prime_Finder
quartus_fit --read_settings_files=off --write_settings_files=off Prime_Finder -c Prime_Finder
quartus_asm --read_settings_files=off --write_settings_files=off Prime_Finder -c Prime_Finder
quartus_sta Prime_Finder -c Prime_Finder
quartus_eda --read_settings_files=off --write_settings_files=off Prime_Finder -c Prime_Finder



